
Memory Configuration

Name             Origin             Length             Attributes
*default*        0x0000000000000000 0xffffffffffffffff

Linker script and memory map


.text           0x0000000080000000     0xe560 load address 0x0000000040200480
                0x0000000080000000                _startcode = .
 *(.text)
 .text          0x0000000080000000     0xe560 a.o
                0x0000000080000000                _start
                0x0000000080000114                _code_
                0x000000008000e560                _endcode = .

.glue_7         0x000000008000e560        0x0 load address 0x000000004020e9e0
 .glue_7        0x0000000000000000        0x0 linker stubs

.glue_7t        0x000000008000e560        0x0 load address 0x000000004020e9e0
 .glue_7t       0x0000000000000000        0x0 linker stubs

.vfp11_veneer   0x000000008000e560        0x0 load address 0x000000004020e9e0
 .vfp11_veneer  0x0000000000000000        0x0 linker stubs

.v4_bx          0x000000008000e560        0x0 load address 0x000000004020e9e0
 .v4_bx         0x0000000000000000        0x0 linker stubs

.iplt           0x000000008000e560        0x0 load address 0x000000004020e9e0
 .iplt          0x0000000000000000        0x0 a.o

.data           0x000000008000b0d0        0x0 load address 0x000000004020b550
                0x000000008000b0d0                _startdata = .
 *(.data)
 .data          0x000000008000b0d0        0x0 a.o
                0x000000008000b0d0                _enddata = .

.igot.plt       0x000000008000b0d0        0x0 load address 0x000000004020b550
 .igot.plt      0x0000000000000000        0x0 a.o

boot_section    0x0000000040200000      0x444
                0x0000000040200000                _startboot = .
 *(boot_section)
 boot_section   0x0000000040200000      0x444 a.o
                0x0000000040200444                _endboot = .
LOAD a.o
OUTPUT(a.elf elf32-littlearm)

.rel.dyn        0x0000000040200444        0x0
 .rel.iplt      0x0000000000000000        0x0 a.o

.bss            0x0000000040200444        0x0
 .bss           0x0000000040200444        0x0 a.o

.ARM.attributes
                0x0000000000000000       0x2b
 .ARM.attributes
                0x0000000000000000       0x2b a.o
