
Memory Configuration

Name             Origin             Length             Attributes
*default*        0x0000000000000000 0xffffffffffffffff

Linker script and memory map


.text           0x0000000000000000     0xed10 load address 0x0000000000000400
                0x0000000000000000                _startcode = .
 *(.text)
 .text          0x0000000000000000     0xed10 a.o
                0x0000000000000000                _start
                0x0000000000000114                _code_
                0x000000000000ed10                _endcode = .

.glue_7         0x000000000000ed10        0x0 load address 0x000000000000f110
 .glue_7        0x0000000000000000        0x0 linker stubs

.glue_7t        0x000000000000ed10        0x0 load address 0x000000000000f110
 .glue_7t       0x0000000000000000        0x0 linker stubs

.vfp11_veneer   0x000000000000ed10        0x0 load address 0x000000000000f110
 .vfp11_veneer  0x0000000000000000        0x0 linker stubs

.v4_bx          0x000000000000ed10        0x0 load address 0x000000000000f110
 .v4_bx         0x0000000000000000        0x0 linker stubs

.iplt           0x000000000000ed10        0x0 load address 0x000000000000f110
 .iplt          0x0000000000000000        0x0 a.o

.data           0x000000000000b7a0        0x0 load address 0x000000000000bba0
                0x000000000000b7a0                _startdata = .
 *(.data)
 .data          0x000000000000b7a0        0x0 a.o
                0x000000000000b7a0                _enddata = .

.igot.plt       0x000000000000b7a0        0x0 load address 0x000000000000bba0
 .igot.plt      0x0000000000000000        0x0 a.o

boot_section    0x0000000000000000      0x188
                0x0000000000000000                _startboot = .
 *(boot_section)
 boot_section   0x0000000000000000      0x188 a.o
                0x0000000000000188                _endboot = .
LOAD a.o
OUTPUT(a.elf elf32-littlearm)

.rel.dyn        0x0000000000000188        0x0
 .rel.iplt      0x0000000000000000        0x0 a.o

.bss            0x0000000000000188        0x0
 .bss           0x0000000000000188        0x0 a.o

.ARM.attributes
                0x0000000000000000       0x22
 .ARM.attributes
                0x0000000000000000       0x22 a.o
