
Memory Configuration

Name             Origin             Length             Attributes
*default*        0x0000000000000000 0xffffffffffffffff

Linker script and memory map


.text           0x0000000000000000     0x5c10
                0x0000000000000000                _startcode = .
 *(.text)
 .text          0x0000000000000000     0x5c10 a.o
                0x0000000000000000                _start
                0x00000000000001f6                _code_
                0x000000000000263c                usbhwDeviceStatus
                0x0000000000002656                usbhwReset
                0x0000000000002670                usbhwRemoteWakeUp
                0x0000000000002684                usbhwEndpointStatus
                0x00000000000026d8                usbhwBIe
                0x00000000000026e6                usbhwBOw
                0x0000000000002702                usbhwDGD
                0x000000000000270a                usbhwEGS
                0x000000000000272c                usbhwSetAddress
                0x0000000000002752                usbhwConfigure
                0x00000000000027b4                usbhwDeconfigure
                0x00000000000027e6                usbhwStatusOut
                0x00000000000027fa                usbSOx
                0x0000000000002808                usbStall
                0x000000000000281c                usbhwStallEP
                0x0000000000002834                usbhwUnstallEP
                0x0000000000002852                rdEP
                0x00000000000028ae                wrtEP
                0x00000000000028fc                wrtEPU
                0x000000000000290e                usbhwEPSet
                0x0000000000002928                wrtcmd
                0x000000000000294c                rdcmd
                0x0000000000002968                usbhwrc
                0x0000000000005c10                _endcode = .

.glue_7         0x0000000000005c10        0x0
 .glue_7        0x0000000000000000        0x0 linker stubs

.glue_7t        0x0000000000005c10        0x0
 .glue_7t       0x0000000000000000        0x0 linker stubs

.vfp11_veneer   0x0000000000005c10        0x0
 .vfp11_veneer  0x0000000000000000        0x0 linker stubs

.v4_bx          0x0000000000005c10        0x0
 .v4_bx         0x0000000000000000        0x0 linker stubs

.iplt           0x0000000000005c10        0x0
 .iplt          0x0000000000000000        0x0 a.o

.data           0x00000000000049a0        0x0
                0x00000000000049a0                _startdata = .
 *(.data)
 .data          0x00000000000049a0        0x0 a.o
                0x00000000000049a0                _enddata = .

.igot.plt       0x00000000000049a0        0x0
 .igot.plt      0x0000000000000000        0x0 a.o

boot_section    0x0000000000010000        0x0
                0x0000000000010000                _startboot = .
 *(boot_section)
 boot_section   0x0000000000010000        0x0 a.o
                0x0000000000010000                _endboot = .
LOAD a.o
OUTPUT(a.elf elf32-littlearm)

.rel.dyn        0x0000000000010000        0x0
 .rel.iplt      0x0000000000000000        0x0 a.o

.bss            0x0000000000010000        0x0
 .bss           0x0000000000010000        0x0 a.o

.ARM.attributes
                0x0000000000000000       0x21
 .ARM.attributes
                0x0000000000000000       0x21 a.o
